Loading weights:   0%|          | 0/510 [00:00<?, ?it/s]Loading weights:   0%|          | 2/510 [00:12<54:28,  6.43s/it]Loading weights: 100%|██████████| 510/510 [00:12<00:00, 39.59it/s]
[transformers] Token indices sequence length is longer than the specified maximum sequence length for this model (1029 > 1024). Running this sequence through the model will result in indexing errors
thresholds fitted on 297 GSM8K train problems; train patch rates: entropy@15 0.150, results@15 0.150, dep@15 0.150, entdep@15 0.150, entropy@10 0.100, results@10 0.100, dep@10 0.100, entdep@10 0.100
  25 problems, 66s
  50 problems, 120s
  75 problems, 180s
  100 problems, 238s
  125 problems, 295s
  150 problems, 349s
  175 problems, 413s
  200 problems, 469s
  225 problems, 548s
  250 problems, 613s
  275 problems, 681s

BLT-1B, 294 GSM8K test problems, budget thresholds: train; 796 in-line results, 294 final answers
RESULT default     patch rate 0.255 | results covered 78.8% | in-line results: 0.523 bits, exact 76.8% | final: 0.719 bits, exact 73.5%
RESULT entropy@15  patch rate 0.157 | results covered 48.1% | in-line results: 1.328 bits, exact 47.0% | final: 0.954 bits, exact 65.0%
RESULT results@15  patch rate 0.157 | results covered 100.0% | in-line results: 0.780 bits, exact 66.1% | final: 0.877 bits, exact 67.0%
RESULT dep@15      patch rate 0.153 | results covered 100.0% | in-line results: 0.510 bits, exact 77.3% | final: 1.764 bits, exact 40.8%
RESULT entdep@15   patch rate 0.157 | results covered 100.0% | in-line results: 0.532 bits, exact 76.5% | final: 1.045 bits, exact 67.3%
RESULT entropy@10  patch rate 0.106 | results covered 16.2% | in-line results: 2.337 bits, exact 19.0% | final: 1.441 bits, exact 51.4%
RESULT results@10  patch rate 0.106 | results covered 100.0% | in-line results: 1.246 bits, exact 51.8% | final: 1.198 bits, exact 60.5%
RESULT dep@10      patch rate 0.100 | results covered 100.0% | in-line results: 0.849 bits, exact 67.8% | final: 2.832 bits, exact  4.8%
RESULT entdep@10   patch rate 0.105 | results covered 100.0% | in-line results: 0.826 bits, exact 67.1% | final: 1.142 bits, exact 62.9%
