Loading weights:   0%|          | 0/510 [00:00<?, ?it/s]Loading weights:   0%|          | 2/510 [00:13<55:46,  6.59s/it]Loading weights: 100%|██████████| 510/510 [00:13<00:00, 38.67it/s]
[transformers] Token indices sequence length is longer than the specified maximum sequence length for this model (1029 > 1024). Running this sequence through the model will result in indexing errors
thresholds fitted on 297 train problems; results@0.10 train rate 0.100
LoRA: 16.9M trainable parameters
  step 100/1500 loss 0.5279 (382s)
  step 200/1500 loss 0.4951 (842s)
  step 300/1500 loss 0.4636 (1314s)
  step 400/1500 loss 0.4702 (1730s)
  step 500/1500 loss 0.4588 (2161s)
  step 600/1500 loss 0.4553 (2596s)
  step 700/1500 loss 0.4395 (2998s)
  step 800/1500 loss 0.4456 (3393s)
  step 900/1500 loss 0.4323 (3828s)
  step 1000/1500 loss 0.4339 (4221s)
  step 1100/1500 loss 0.4427 (4545s)
  step 1200/1500 loss 0.4107 (4928s)
  step 1300/1500 loss 0.4290 (5343s)
  step 1400/1500 loss 0.4286 (5693s)
  step 1500/1500 loss 0.4292 (6083s)
Warning: You are sending unauthenticated requests to the HF Hub. Please set a HF_TOKEN to enable higher rate limits and faster downloads.

BLT-1B + LoRA trained under results@0.10 (1500 steps), 294 GSM8K test problems
RESULT entropy@10  patch rate 0.106 | in-line results: 2.077 bits, exact 24.7% | final: 0.049 bits, exact 96.3%
RESULT entdep@10   patch rate 0.105 | in-line results: 0.728 bits, exact 70.2% | final: 0.192 bits, exact 89.8%
RESULT results@10  patch rate 0.106 | in-line results: 0.927 bits, exact 62.9% | final: 0.030 bits, exact 96.9%
