Loading weights:   0%|          | 0/510 [00:00<?, ?it/s]Loading weights:   0%|          | 2/510 [00:12<53:03,  6.27s/it]Loading weights: 100%|██████████| 510/510 [00:12<00:00, 40.65it/s]
[transformers] Token indices sequence length is longer than the specified maximum sequence length for this model (1029 > 1024). Running this sequence through the model will result in indexing errors
thresholds fitted on 297 train problems; entdep@0.10 train rate 0.100
LoRA: 16.9M trainable parameters
  step 100/1500 loss 0.6201 (318s)
  step 200/1500 loss 0.5457 (610s)
  step 300/1500 loss 0.5445 (915s)
  step 400/1500 loss 0.5446 (1206s)
  step 500/1500 loss 0.5247 (1521s)
  step 600/1500 loss 0.5307 (1899s)
  step 700/1500 loss 0.5155 (2233s)
  step 800/1500 loss 0.4956 (2565s)
  step 900/1500 loss 0.5033 (2882s)
  step 1000/1500 loss 0.5092 (3215s)
  step 1100/1500 loss 0.5017 (3530s)
  step 1200/1500 loss 0.4753 (3836s)
  step 1300/1500 loss 0.4887 (4170s)
  step 1400/1500 loss 0.4876 (4502s)
  step 1500/1500 loss 0.4851 (4836s)
Warning: You are sending unauthenticated requests to the HF Hub. Please set a HF_TOKEN to enable higher rate limits and faster downloads.

BLT-1B + LoRA trained under entdep@0.10 (1500 steps), 294 GSM8K test problems
RESULT entropy@10  patch rate 0.106 | in-line results: 2.578 bits, exact 21.9% | final: 0.290 bits, exact 82.7%
RESULT entdep@10   patch rate 0.105 | in-line results: 0.621 bits, exact 74.4% | final: 0.061 bits, exact 95.6%
RESULT results@10  patch rate 0.106 | in-line results: 1.205 bits, exact 54.6% | final: 0.150 bits, exact 90.8%
