Loading weights:   0%|          | 0/510 [00:00<?, ?it/s]Loading weights:   0%|          | 2/510 [00:12<52:30,  6.20s/it]Loading weights: 100%|██████████| 510/510 [00:12<00:00, 41.08it/s]
[logic] fitting boundary dependence on 300 train problems
  157 contexts; top: b'?\n' 0.20, b'r:' 0.18, b'\nP' 0.16, b'Pr' 0.15, b'er' 0.12, b'd?' 0.11, b'e?' 0.10, b'we' 0.10, b't?' 0.09, b'a ' 0.08
  train patch rates: entropy@15 0.150, dep@15 0.150, entdep@15 0.150, entdepM@15 0.150, oracle@15 0.150, entropy@10 0.100, dep@10 0.100, entdep@10 0.100, entdepM@10 0.100, oracle@10 0.100
  25 test problems, 229s
  50 test problems, 292s
  75 test problems, 358s
  100 test problems, 422s
  125 test problems, 485s
  150 test problems, 549s
  175 test problems, 612s
  200 test problems, 676s
  225 test problems, 740s
  250 test problems, 802s
  275 test problems, 866s
  300 test problems, 929s

BLT-1B, task logic: 300 test problems, budget thresholds: train; targets answer 300, step 1196
RESULT default     patch rate 0.171 | answer: covered 100.0%, 1.096 bits, exact  5.7%, choice 52.7% | step: covered 99.5%, 0.362 bits, exact 69.1%
RESULT entropy@15  patch rate 0.152 | answer: covered 100.0%, 1.103 bits, exact  5.3%, choice 54.0% | step: covered 98.6%, 0.385 bits, exact 66.3%
RESULT dep@15      patch rate 0.153 | answer: covered  0.0%, 1.363 bits, exact  0.3%, choice 55.0% | step: covered 100.0%, 0.806 bits, exact 23.3%
RESULT entdep@15   patch rate 0.152 | answer: covered 100.0%, 1.107 bits, exact  8.7%, choice 49.7% | step: covered 100.0%, 0.456 bits, exact 60.5%
RESULT entdepM@15  patch rate 0.151 | answer: covered 100.0%, 1.098 bits, exact  0.7%, choice 58.3% | step: covered 100.0%, 0.398 bits, exact 66.3%
RESULT oracle@15   patch rate 0.152 | answer: covered 100.0%, 1.104 bits, exact  5.3%, choice 54.3% | step: covered 100.0%, 0.381 bits, exact 67.0%
RESULT entropy@10  patch rate 0.102 | answer: covered 87.3%, 1.313 bits, exact  3.7%, choice 53.7% | step: covered 70.3%, 0.563 bits, exact 46.3%
RESULT dep@10      patch rate 0.102 | answer: covered  0.0%, 1.305 bits, exact  2.0%, choice 52.3% | step: covered 100.0%, 0.841 bits, exact 19.4%
RESULT entdep@10   patch rate 0.102 | answer: covered 100.0%, 1.102 bits, exact  0.3%, choice 50.7% | step: covered 100.0%, 0.634 bits, exact 41.5%
RESULT entdepM@10  patch rate 0.101 | answer: covered 100.0%, 0.911 bits, exact 28.3%, choice 55.7% | step: covered 99.9%, 0.577 bits, exact 45.2%
RESULT oracle@10   patch rate 0.101 | answer: covered 100.0%, 1.193 bits, exact  2.0%, choice 56.7% | step: covered 100.0%, 0.527 bits, exact 49.4%
