Loading weights:   0%|          | 0/510 [00:00<?, ?it/s]Loading weights:   0%|          | 2/510 [00:13<57:40,  6.81s/it]Loading weights: 100%|██████████| 510/510 [00:13<00:00, 37.39it/s]
[trace] fitting boundary dependence on 300 train problems
  149 contexts; top: b'w ' 0.37, b'ow' 0.35, b'no' 0.28, b' 1' 0.26, b'12' 0.21, b'14' 0.21, b'17' 0.20, b'16' 0.18, b'37' 0.17, b' 2' 0.17
  train patch rates: entropy@15 0.150, dep@15 0.150, entdep@15 0.150, entdepM@15 0.150, oracle@15 0.150, entropy@10 0.100, dep@10 0.099, entdep@10 0.100, entdepM@10 0.100, oracle@10 0.100
  25 test problems, 205s
  50 test problems, 257s
  75 test problems, 312s
  100 test problems, 364s
  125 test problems, 415s
  150 test problems, 469s
  175 test problems, 521s
  200 test problems, 573s
  225 test problems, 623s
  250 test problems, 674s
  275 test problems, 725s
  300 test problems, 777s

BLT-1B, task trace: 300 test problems, budget thresholds: train; targets computed 2469, copy 1716
RESULT default     patch rate 0.318 | computed: covered 92.3%, 2.715 bits, exact 20.5% | copy: covered 97.1%, 0.375 bits, exact 82.5%
RESULT entropy@15  patch rate 0.150 | computed: covered 35.7%, 3.593 bits, exact 11.1% | copy: covered 54.4%, 0.774 bits, exact 66.7%
RESULT dep@15      patch rate 0.150 | computed: covered 100.0%, 3.636 bits, exact  9.3% | copy: covered 100.0%, 1.533 bits, exact 46.6%
RESULT entdep@15   patch rate 0.149 | computed: covered 100.0%, 3.462 bits, exact 10.9% | copy: covered 100.0%, 0.889 bits, exact 67.2%
RESULT entdepM@15  patch rate 0.149 | computed: covered  0.0%, 3.845 bits, exact  9.1% | copy: covered 17.4%, 0.971 bits, exact 60.5%
RESULT oracle@15   patch rate 0.149 | computed: covered 100.0%, 3.362 bits, exact 12.8% | copy: covered 100.0%, 0.663 bits, exact 72.2%
RESULT entropy@10  patch rate 0.099 | computed: covered 14.3%, 3.863 bits, exact 10.0% | copy: covered 31.5%, 0.974 bits, exact 58.3%
RESULT dep@10      patch rate 0.099 | computed: covered 100.0%, 3.683 bits, exact  9.2% | copy: covered 100.0%, 1.547 bits, exact 44.8%
RESULT entdep@10   patch rate 0.099 | computed: covered 100.0%, 3.761 bits, exact  9.0% | copy: covered 100.0%, 1.004 bits, exact 62.3%
RESULT entdepM@10  patch rate 0.099 | computed: covered  0.0%, 3.996 bits, exact  8.5% | copy: covered  8.5%, 1.277 bits, exact 50.1%
RESULT oracle@10   patch rate 0.099 | computed: covered 100.0%, 3.636 bits, exact  9.7% | copy: covered 100.0%, 0.971 bits, exact 61.0%
