Loading weights:   0%|          | 0/510 [00:00<?, ?it/s]Loading weights:   0%|          | 2/510 [00:11<50:34,  5.97s/it]Loading weights: 100%|██████████| 510/510 [00:11<00:00, 42.63it/s]
[direct] fitting boundary dependence on 300 train problems
  142 contexts; top: b'r:' 0.18, b' F' 0.17, b'er' 0.14, b': ' 0.12, b'ur' 0.08, b' f' 0.06, b'fu' 0.05, b'ki' 0.05, b'na' 0.04, b'bl' 0.04
  25 test problems, 191s
  50 test problems, 243s
  75 test problems, 297s
  100 test problems, 348s
  125 test problems, 399s
  150 test problems, 450s
  175 test problems, 500s
  200 test problems, 551s
  225 test problems, 601s
  250 test problems, 650s
  275 test problems, 701s
  300 test problems, 750s

BLT-1B, task direct: 300 test problems; targets answer 300
RESULT default     answer: covered 100.0%, 2.393 bits, exact  0.0%
RESULT entropy@15  answer: covered 100.0%, 2.459 bits, exact  0.0%
RESULT dep@15      answer: covered 100.0%, 2.478 bits, exact  0.0%
RESULT entdep@15   answer: covered 100.0%, 2.625 bits, exact  0.0%
RESULT entdepM@15  answer: covered 100.0%, 2.484 bits, exact  0.0%
RESULT oracle@15   answer: covered 100.0%, 2.459 bits, exact  0.0%
RESULT entropy@10  answer: covered 97.3%, 2.595 bits, exact  0.0%
RESULT dep@10      answer: covered 100.0%, 2.165 bits, exact  0.0%
RESULT entdep@10   answer: covered 100.0%, 2.539 bits, exact  0.0%
RESULT entdepM@10  answer: covered 100.0%, 2.395 bits, exact  0.0%
RESULT oracle@10   answer: covered 100.0%, 2.594 bits, exact  0.0%
