Loading weights:   0%|          | 0/510 [00:00<?, ?it/s]Loading weights:   0%|          | 2/510 [00:12<54:14,  6.41s/it]Loading weights: 100%|██████████| 510/510 [00:12<00:00, 39.76it/s]
  25 problems, 74s
  50 problems, 131s
  75 problems, 187s
  100 problems, 243s
  125 problems, 298s
[transformers] Token indices sequence length is longer than the specified maximum sequence length for this model (1262 > 1024). Running this sequence through the model will result in indexing errors
  150 problems, 353s
  175 problems, 418s
  200 problems, 470s
  225 problems, 533s
  250 problems, 583s
  275 problems, 639s

BLT-1B, 294 GSM8K test problems; 796 in-line results, 294 final answers
RESULT default     patch rate 0.284 | results covered 83.2% | in-line results: 0.669 bits, exact 73.0% | final: 0.965 bits, exact 67.3%
RESULT entropy@15  patch rate 0.150 | results covered 48.4% | in-line results: 1.710 bits, exact 39.8% | final: 1.374 bits, exact 56.8%
RESULT results@15  patch rate 0.150 | results covered 100.0% | in-line results: 1.042 bits, exact 61.3% | final: 1.303 bits, exact 57.1%
RESULT dep@15      patch rate 0.150 | results covered 100.0% | in-line results: 0.774 bits, exact 70.5% | final: 2.424 bits, exact 35.0%
RESULT entdep@15   patch rate 0.150 | results covered 100.0% | in-line results: 0.759 bits, exact 71.2% | final: 1.431 bits, exact 57.5%
RESULT entropy@10  patch rate 0.100 | results covered 24.4% | in-line results: 2.579 bits, exact 18.1% | final: 1.905 bits, exact 40.1%
RESULT results@10  patch rate 0.100 | results covered 100.0% | in-line results: 1.592 bits, exact 45.2% | final: 1.643 bits, exact 51.0%
RESULT dep@10      patch rate 0.100 | results covered 100.0% | in-line results: 1.061 bits, exact 64.2% | final: 3.307 bits, exact  9.2%
RESULT entdep@10   patch rate 0.100 | results covered 99.7% | in-line results: 1.097 bits, exact 60.3% | final: 1.880 bits, exact 53.7%
