Loading weights:   0%|          | 0/510 [00:00<?, ?it/s]Loading weights:   0%|          | 2/510 [00:12<51:01,  6.03s/it]Loading weights: 100%|██████████| 510/510 [00:12<00:00, 42.26it/s]
[logic] fitting boundary dependence on 300 train problems
  157 contexts; top: b'?\n' 0.20, b'r:' 0.17, b'\nP' 0.16, b'Pr' 0.15, b'd?' 0.12, b'er' 0.12, b'e?' 0.10, b'we' 0.10, b't?' 0.09, b'a ' 0.08
  25 test problems, 229s
  50 test problems, 298s
  75 test problems, 363s
  100 test problems, 427s
  125 test problems, 493s
  150 test problems, 559s
  175 test problems, 624s
  200 test problems, 690s
  225 test problems, 756s
  250 test problems, 820s
  275 test problems, 886s
  300 test problems, 951s

BLT-1B, task logic: 300 test problems; targets answer 300, step 1196
RESULT default     answer: covered 100.0%, 1.119 bits, exact  6.0%, choice 52.0% | step: covered 99.4%, 0.362 bits, exact 69.2%
RESULT entropy@15  answer: covered 100.0%, 1.122 bits, exact  4.3%, choice 55.7% | step: covered 97.7%, 0.385 bits, exact 66.6%
RESULT dep@15      answer: covered 10.7%, 1.328 bits, exact  1.3%, choice 56.3% | step: covered 100.0%, 0.802 bits, exact 23.2%
RESULT entdep@15   answer: covered 100.0%, 1.136 bits, exact  6.3%, choice 50.3% | step: covered 100.0%, 0.463 bits, exact 59.2%
RESULT entdepM@15  answer: covered 100.0%, 1.130 bits, exact  2.3%, choice 54.3% | step: covered 100.0%, 0.396 bits, exact 66.8%
RESULT oracle@15   answer: covered 100.0%, 1.124 bits, exact  4.3%, choice 55.7% | step: covered 100.0%, 0.383 bits, exact 67.3%
RESULT entropy@10  answer: covered 83.0%, 1.364 bits, exact  2.7%, choice 54.3% | step: covered 71.7%, 0.556 bits, exact 45.6%
RESULT dep@10      answer: covered  0.0%, 1.303 bits, exact  2.3%, choice 53.3% | step: covered 100.0%, 0.844 bits, exact 20.7%
RESULT entdep@10   answer: covered 98.0%, 1.135 bits, exact  1.3%, choice 52.7% | step: covered 99.9%, 0.632 bits, exact 40.9%
RESULT entdepM@10  answer: covered 100.0%, 0.886 bits, exact 31.7%, choice 55.7% | step: covered 99.4%, 0.560 bits, exact 45.7%
RESULT oracle@10   answer: covered 100.0%, 1.241 bits, exact  2.0%, choice 55.3% | step: covered 100.0%, 0.522 bits, exact 50.2%
