format A: train 1,259,181 bytes. Example:
id:146d7159
set z=26
alert and oriented
set x=37
alert and oriented
id:aaf63aef
set x=45
bp normal
41+72=311
set z=97
z+x=241
set x=73
pt stable
afebrile
set z=
  training patcher (small model)
    step    200 loss 1.965
    step   1000 loss 1.190
    step   4000 loss 1.129
  training reference (strong model)
    step  64000 loss 0.932
  val entropy by role (bits)   patcher-final / reference
    TEXT         0.37 /   0.33
    STRUCT       0.52 /   0.45
    HEX          4.00 /   3.78
    VAR          2.28 /   1.94
    VALUE        3.25 /   3.17
    OPERAND      3.34 /   3.04
    ANS_LOCAL    2.68 /   0.03
    ANS_LONG     2.75 /   0.09
  done in 677s
format B: cached at /Users/nicoveraz/.cache/segresearch/format_B.npz
format C: cached at /Users/nicoveraz/.cache/segresearch/format_C.npz
