Loading weights:   0%|          | 0/510 [00:00<?, ?it/s]Loading weights:   0%|          | 2/510 [00:12<52:00,  6.14s/it]Loading weights: 100%|██████████| 510/510 [00:12<00:00, 41.46it/s]
[logic] fitting boundary dependence on 300 train problems
  157 contexts; top: b'?\n' 0.20, b'r:' 0.17, b'\nP' 0.16, b'Pr' 0.15, b'd?' 0.12, b'er' 0.12, b'e?' 0.10, b'we' 0.10, b't?' 0.09, b'a ' 0.08
  train patch rates: entropy@15 0.150, dep@15 0.150, entdep@15 0.150, entdepM@15 0.150, oracle@15 0.150, entropy@10 0.100, dep@10 0.100, entdep@10 0.100, entdepM@10 0.100, oracle@10 0.100
  25 test problems, 233s
  50 test problems, 298s
  75 test problems, 366s
  100 test problems, 430s
  125 test problems, 495s
  150 test problems, 560s
  175 test problems, 625s
  200 test problems, 692s
  225 test problems, 757s
  250 test problems, 819s
  275 test problems, 883s
  300 test problems, 946s

BLT-1B, task logic: 300 test problems, budget thresholds: train; targets answer 300, step 1196
RESULT default     patch rate 0.172 | answer: covered 100.0%, 1.119 bits, exact  6.0%, choice 52.0% | step: covered 99.4%, 0.362 bits, exact 69.2%
RESULT entropy@15  patch rate 0.152 | answer: covered 100.0%, 1.129 bits, exact  5.7%, choice 55.3% | step: covered 98.4%, 0.386 bits, exact 66.8%
RESULT dep@15      patch rate 0.153 | answer: covered  0.0%, 1.351 bits, exact  0.7%, choice 53.3% | step: covered 100.0%, 0.803 bits, exact 23.7%
RESULT entdep@15   patch rate 0.152 | answer: covered 100.0%, 1.130 bits, exact  8.7%, choice 50.3% | step: covered 100.0%, 0.458 bits, exact 60.6%
RESULT entdepM@15  patch rate 0.151 | answer: covered 100.0%, 1.131 bits, exact  0.3%, choice 55.7% | step: covered 100.0%, 0.394 bits, exact 66.8%
RESULT oracle@15   patch rate 0.152 | answer: covered 100.0%, 1.129 bits, exact  5.7%, choice 55.3% | step: covered 100.0%, 0.382 bits, exact 67.3%
RESULT entropy@10  patch rate 0.102 | answer: covered 92.3%, 1.280 bits, exact  3.3%, choice 55.0% | step: covered 70.4%, 0.567 bits, exact 45.9%
RESULT dep@10      patch rate 0.102 | answer: covered  0.0%, 1.305 bits, exact  2.0%, choice 52.7% | step: covered 100.0%, 0.843 bits, exact 19.6%
RESULT entdep@10   patch rate 0.102 | answer: covered 100.0%, 1.114 bits, exact  0.7%, choice 51.0% | step: covered 100.0%, 0.628 bits, exact 42.1%
RESULT entdepM@10  patch rate 0.101 | answer: covered 100.0%, 0.884 bits, exact 34.0%, choice 55.0% | step: covered 99.8%, 0.559 bits, exact 46.3%
RESULT oracle@10   patch rate 0.101 | answer: covered 100.0%, 1.224 bits, exact  1.7%, choice 55.0% | step: covered 100.0%, 0.531 bits, exact 48.8%
