Loading weights:   0%|          | 0/510 [00:00<?, ?it/s]Loading weights:   0%|          | 2/510 [00:12<50:50,  6.01s/it]Loading weights: 100%|██████████| 510/510 [00:12<00:00, 42.41it/s]
[transformers] Token indices sequence length is longer than the specified maximum sequence length for this model (1029 > 1024). Running this sequence through the model will result in indexing errors
thresholds fitted on 297 train problems; results@0.10 train rate 0.100
LoRA: 16.9M trainable parameters
  step 100/1500 loss 0.5746 (310s)
  step 200/1500 loss 0.5098 (505s)
  step 300/1500 loss 0.5022 (827s)
  step 400/1500 loss 0.5143 (1114s)
  step 500/1500 loss 0.4769 (1335s)
  step 600/1500 loss 0.4900 (1596s)
  step 700/1500 loss 0.4681 (1834s)
  step 800/1500 loss 0.4677 (2096s)
  step 900/1500 loss 0.4698 (2379s)
  step 1000/1500 loss 0.4827 (2666s)
  step 1100/1500 loss 0.4626 (2917s)
  step 1200/1500 loss 0.4404 (3156s)
  step 1300/1500 loss 0.4540 (3425s)
  step 1400/1500 loss 0.4709 (3657s)
  step 1500/1500 loss 0.4451 (3912s)

BLT-1B + LoRA trained under results@0.10 (1500 steps), 294 GSM8K test problems
RESULT entropy@10  patch rate 0.096 | in-line results: 2.259 bits, exact 22.0% | final: 0.097 bits, exact 95.2%
RESULT entdep@10   patch rate 0.098 | in-line results: 0.837 bits, exact 66.3% | final: 0.215 bits, exact 89.5%
RESULT results@10  patch rate 0.097 | in-line results: 1.072 bits, exact 56.9% | final: 0.074 bits, exact 96.3%
